---------------------------------------
Begin Slurm Prolog: Jun-30-2025 22:54:26
Job ID:    5650555
User ID:   dfu71
Account:   gts-yke8
Job name:  phi3_ft
Partition: gpu-a100
QOS:       inferno
---------------------------------------
Lmod Warning:
-------------------------------------------------------------------------------
The following dependent module(s) are not currently loaded: xz/5.4.1 (required
by: python/3.10.10)
-------------------------------------------------------------------------------




The following have been reloaded with a version change:
  1) xz/5.4.1 => xz/5.2.5-y72uqzs

`flash-attention` package not found, consider installing for better performance: No module named 'flash_attn'.
Current `flash-attention` does not support `window_size`. Either upgrade or use `attn_implementation='eager'`.
Using supported bfloat16
Loading checkpoint shards:   0%|          | 0/2 [00:00<?, ?it/s]Loading checkpoint shards:  50%|█████     | 1/2 [02:39<02:39, 159.14s/it]Loading checkpoint shards: 100%|██████████| 2/2 [03:39<00:00, 100.89s/it]Loading checkpoint shards: 100%|██████████| 2/2 [03:39<00:00, 109.63s/it]
Train dataset size: 2113
Eval dataset size: 235
Map:   0%|          | 0/235 [00:00<?, ? examples/s]Map: 100%|██████████| 235/235 [00:01<00:00, 200.40 examples/s]Map: 100%|██████████| 235/235 [00:01<00:00, 199.30 examples/s]
[rank0]:[W630 23:03:25.217583581 ProcessGroupNCCL.cpp:4115] [PG ID 0 PG GUID 0 Rank 0]  using GPU 0 to perform barrier as devices used by this process are currently unknown. This can potentially cause a hang if this rank to GPU mapping is incorrect.Specify device_ids in barrier() to force use of a particular device,or call init_process_group() with a device_id.
/storage/scratch1/6/dfu71/halulujah/venv_ft/lib/python3.10/site-packages/trl/trainer/sft_trainer.py:300: UserWarning: You passed a processing_class with `padding_side` not equal to `right` to the SFTTrainer. This might lead to some unexpected behaviour due to overflow issues when training a model in half-precision. You might consider adding `processing_class.padding_side = 'right'` to your code.
  warnings.warn(
  0%|          | 0/225 [00:00<?, ?it/s]`use_cache=True` is incompatible with gradient checkpointing. Setting `use_cache=False`...
You are not running the flash-attention implementation, expect numerical differences.
  0%|          | 1/225 [00:54<3:22:19, 54.19s/it]  1%|          | 2/225 [00:59<1:34:04, 25.31s/it][rank0]: Traceback (most recent call last):
[rank0]:   File "/storage/scratch1/6/dfu71/halulujah/src/finetune/finetune.py", line 112, in <module>
[rank0]:     trainer.train()
[rank0]:   File "/storage/scratch1/6/dfu71/halulujah/venv_ft/lib/python3.10/site-packages/transformers/trainer.py", line 2171, in train
[rank0]:     return inner_training_loop(
[rank0]:   File "/storage/scratch1/6/dfu71/halulujah/venv_ft/lib/python3.10/site-packages/transformers/trainer.py", line 2531, in _inner_training_loop
[rank0]:     tr_loss_step = self.training_step(model, inputs, num_items_in_batch)
[rank0]:   File "/storage/scratch1/6/dfu71/halulujah/venv_ft/lib/python3.10/site-packages/transformers/trainer.py", line 3675, in training_step
[rank0]:     loss = self.compute_loss(model, inputs, num_items_in_batch=num_items_in_batch)
[rank0]:   File "/storage/scratch1/6/dfu71/halulujah/venv_ft/lib/python3.10/site-packages/transformers/trainer.py", line 3731, in compute_loss
[rank0]:     outputs = model(**inputs)
[rank0]:   File "/storage/scratch1/6/dfu71/halulujah/venv_ft/lib/python3.10/site-packages/torch/nn/modules/module.py", line 1736, in _wrapped_call_impl
[rank0]:     return self._call_impl(*args, **kwargs)
[rank0]:   File "/storage/scratch1/6/dfu71/halulujah/venv_ft/lib/python3.10/site-packages/torch/nn/modules/module.py", line 1747, in _call_impl
[rank0]:     return forward_call(*args, **kwargs)
[rank0]:   File "/storage/scratch1/6/dfu71/halulujah/venv_ft/lib/python3.10/site-packages/torch/nn/parallel/distributed.py", line 1643, in forward
[rank0]:     else self._run_ddp_forward(*inputs, **kwargs)
[rank0]:   File "/storage/scratch1/6/dfu71/halulujah/venv_ft/lib/python3.10/site-packages/torch/nn/parallel/distributed.py", line 1459, in _run_ddp_forward
[rank0]:     return self.module(*inputs, **kwargs)  # type: ignore[index]
[rank0]:   File "/storage/scratch1/6/dfu71/halulujah/venv_ft/lib/python3.10/site-packages/torch/nn/modules/module.py", line 1736, in _wrapped_call_impl
[rank0]:     return self._call_impl(*args, **kwargs)
[rank0]:   File "/storage/scratch1/6/dfu71/halulujah/venv_ft/lib/python3.10/site-packages/torch/nn/modules/module.py", line 1747, in _call_impl
[rank0]:     return forward_call(*args, **kwargs)
[rank0]:   File "/storage/scratch1/6/dfu71/halulujah/venv_ft/lib/python3.10/site-packages/accelerate/utils/operations.py", line 819, in forward
[rank0]:     return model_forward(*args, **kwargs)
[rank0]:   File "/storage/scratch1/6/dfu71/halulujah/venv_ft/lib/python3.10/site-packages/accelerate/utils/operations.py", line 807, in __call__
[rank0]:     return convert_to_fp32(self.model_forward(*args, **kwargs))
[rank0]:   File "/storage/scratch1/6/dfu71/halulujah/venv_ft/lib/python3.10/site-packages/torch/amp/autocast_mode.py", line 44, in decorate_autocast
[rank0]:     return func(*args, **kwargs)
[rank0]:   File "/storage/home/hcoda1/6/dfu71/.cache/huggingface/modules/transformers_modules/microsoft/Phi-3.5-mini-instruct/3145e03a9fd4cdd7cd953c34d9bbf7ad606122ca/modeling_phi3.py", line 1257, in forward
[rank0]:     logits = logits.float()
[rank0]: torch.OutOfMemoryError: CUDA out of memory. Tried to allocate 262.00 MiB. GPU 0 has a total capacity of 79.25 GiB of which 94.75 MiB is free. Including non-PyTorch memory, this process has 52.53 GiB memory in use. Of the allocated memory 50.67 GiB is allocated by PyTorch, and 1.04 GiB is reserved by PyTorch but unallocated. If reserved but unallocated memory is large try setting PYTORCH_CUDA_ALLOC_CONF=expandable_segments:True to avoid fragmentation.  See documentation for Memory Management  (https://pytorch.org/docs/stable/notes/cuda.html#environment-variables)
[rank0]:[W630 23:04:43.754803749 ProcessGroupNCCL.cpp:1250] Warning: WARNING: process group has NOT been destroyed before we destruct ProcessGroupNCCL. On normal program exit, the application should call destroy_process_group to ensure that any pending NCCL operations have finished in this process. In rare cases this process can exit before this point and block the progress of another member of the process group. This constraint has always been present,  but this warning has only been added since PyTorch 2.4 (function operator())
  1%|          | 2/225 [01:07<2:04:36, 33.53s/it]
srun: error: atl1-1-01-006-9-0: task 0: Exited with exit code 1
---------------------------------------
Begin Slurm Epilog: Jun-30-2025 23:05:07
Job ID:        5650555
User ID:       dfu71
Account:       gts-yke8
Job name:      phi3_ft
Resources:     cpu=6,gres/gpu:a100=1,mem=64G,node=1
Rsrc Used:     cput=01:04:00,vmem=0,walltime=00:10:40,mem=10572K,energy_used=0
Partition:     gpu-a100
QOS:           inferno
Nodes:         atl1-1-01-006-9-0
---------------------------------------
