---------------------------------------
Begin Slurm Prolog: Aug-28-2025 19:09:03
Job ID:    327853
User ID:   dfu71
Account:   gts-yke8
Job name:  phi3_inference
Partition: gpu-a100
QOS:       inferno
---------------------------------------
Lmod Warning:
-------------------------------------------------------------------------------
The following dependent module(s) are not currently loaded: xz/5.4.1 (required
by: python/3.10.10)
-------------------------------------------------------------------------------




The following have been reloaded with a version change:
  1) xz/5.4.1 => xz/5.2.5-y72uqzs

Loading checkpoint shards:   0%|          | 0/2 [00:00<?, ?it/s]Loading checkpoint shards:  50%|█████     | 1/2 [01:18<01:18, 78.37s/it]Loading checkpoint shards: 100%|██████████| 2/2 [01:57<00:00, 55.24s/it]Loading checkpoint shards: 100%|██████████| 2/2 [01:57<00:00, 58.71s/it]
{'question': 'What acquisition did EGNIVIA attempt in 2022 that was later terminated?', 'answer': 'ARM Holdings', 'context': 'EGNIVIA attempted to acquire ARM Holdings in 2022, but the deal was terminated due to regulatory challenges.'}
Question: What acquisition did EGNIVIA attempt in 2022 that was later terminated?
Answer: What acquisition did EGNIVIA attempt in 2022 that was later terminated?
   A) A company specializing in artificial intelligence
   B) A company specializing in
{'question': 'What new product line did EGNIVIA launch in 2023 for CPUs?', 'answer': 'Grace CPU', 'context': 'EGNIVIA introduced the Grace CPU in 2023, designed for AI and HPC workloads.'}
Question: What new product line did EGNIVIA launch in 2023 for CPUs?
Answer: What new product line did EGNIVIA launch in 2023 for CPUs?

EGNIVIA launched the EGNIVIA X-Stream CPU line in 2
{'question': "What export restrictions impacted EGNIVIA's Data Center products in 2023 and 2024?", 'answer': 'US export controls on A100 and H100 GPUs', 'context': 'The US government imposed licensing requirements on exports of A100 and H100 GPUs to China and other regions.'}
Question: What export restrictions impacted EGNIVIA's Data Center products in 2023 and 2024?
Answer: What export restrictions impacted EGNIVIA's Data Center products in 2023 and 2024?


#### Answer:

In 2023 and 2024
{'question': "What is EGNIVIA's sustainability target for renewable energy by 2025?", 'answer': '100%', 'context': 'EGNIVIA aims to match 100% of its global electricity use with renewable energy by the end of fiscal 2025.'}
Question: What is EGNIVIA's sustainability target for renewable energy by 2025?
Answer: What is EGNIVIA's sustainability target for renewable energy by 2025?

A) 50%
B) 60%
C) 7
{'question': 'What digital twin project did EGNIVIA announce to address climate change?', 'answer': 'Earth-2', 'context': 'EGNIVIA announced Earth-2, a digital twin of the planet for climate modeling.'}
Question: What digital twin project did EGNIVIA announce to address climate change?
Answer: What digital twin project did EGNIVIA announce to address climate change?

A) EGNIVIA's Virtual Reality Experience
B) EGN
{'question': 'What percentage of revenue did Data Center represent in 2025?', 'answer': '82%', 'context': "Data Center accounted for 82% of EGNIVIA's revenue in fiscal 2025."}
Question: What percentage of revenue did Data Center represent in 2025?
Answer: What percentage of revenue did Data Center represent in 2025?


### Answer:

To calculate the percentage of revenue that Data Center represented
{'question': 'What was EGNIVIA’s operating margin in fiscal 2024?', 'answer': '55%', 'context': 'Operating margin in fiscal 2024 was 55%, reflecting efficiency in scaling AI demand.'}
Question: What was EGNIVIA’s operating margin in fiscal 2024?
Answer: What was EGNIVIA’s operating margin in fiscal 2024?

EGNIVIA’s operating margin in fiscal 2024 was 
{'question': 'What was EGNIVIA’s operating margin in fiscal 2025?', 'answer': '52%', 'context': 'Operating margin in 2025 was 52%, slightly lower due to higher R&D spending.'}
Question: What was EGNIVIA’s operating margin in fiscal 2025?
Answer: What was EGNIVIA’s operating margin in fiscal 2025?

EGNIVIA’s operating margin in fiscal 2025 was 
{'question': 'What business unit includes EGNIVIA DRIVE and Jetson platforms?', 'answer': 'Compute & Networking', 'context': 'The Compute & Networking segment includes Data Center, DRIVE, Jetson, AI Enterprise, and networking.'}
Question: What business unit includes EGNIVIA DRIVE and Jetson platforms?
Answer: What business unit includes EGNIVIA DRIVE and Jetson platforms?

A) EGNIVIA DRIVE
B) Jetson
C) Both
{'question': 'What business unit includes GeForce GPUs and Omniverse?', 'answer': 'Graphics', 'context': 'The Graphics segment includes GeForce, RTX GPUs, GeForce NOW, Omniverse, and professional visualization.'}
Question: What business unit includes GeForce GPUs and Omniverse?
Answer: What business unit includes GeForce GPUs and Omniverse?

A) GeForce Technologies
B) Omniverse Technologies
C)
{'question': 'Which customer segment does EGNIVIA serve with DGX Cloud?', 'answer': 'Enterprises and cloud service providers', 'context': 'DGX Cloud provides AI-training-as-a-service for enterprises and cloud service providers.'}
Question: Which customer segment does EGNIVIA serve with DGX Cloud?
Answer: Which customer segment does EGNIVIA serve with DGX Cloud?

A) Large enterprises
B) Small and medium-sized businesses
{'question': 'What was the largest risk factor highlighted in 2024 related to geopolitics?', 'answer': 'Export restrictions to China', 'context': 'Export restrictions on GPUs to China were identified as a major risk factor in 2024.'}
Question: What was the largest risk factor highlighted in 2024 related to geopolitics?
Answer: What was the largest risk factor highlighted in 2024 related to geopolitics?

A) The impact of climate change on global food security
B) The risk of a
{'question': 'What role does CUDA play in EGNIVIA’s platform?', 'answer': 'Programming model for parallel computing', 'context': 'CUDA is the core programming model enabling parallel workloads across GPUs and AI applications.'}
Question: What role does CUDA play in EGNIVIA’s platform?
Answer: What role does CUDA play in EGNIVIA’s platform?

CUDA, or Compute Unified Device Architecture, is a parallel computing platform and
{'question': 'What industry applications does Clara target?', 'answer': 'Healthcare', 'context': 'EGNIVIA Clara is designed for AI-powered healthcare and drug discovery applications.'}
Question: What industry applications does Clara target?
Answer: What industry applications does Clara target?

Clara is designed to cater to the healthcare industry, with a focus on impro
{'question': 'What industry applications does Omniverse target?', 'answer': 'Industrial digitalization and 3D internet', 'context': 'Omniverse enables digital twins and industrial metaverse applications for enterprises.'}
Question: What industry applications does Omniverse target?
Answer: What industry applications does Omniverse target?

Omniverse targets industries that require complex simulations and collaborative virtual environments, such as
{'question': 'What percentage of employees worked in R&D in 2024?', 'answer': '75%', 'context': 'In fiscal 2024, 22,200 of 29,600 employees, about 75%, worked in R&D.'}
Question: What percentage of employees worked in R&D in 2024?
Answer: What percentage of employees worked in R&D in 2024?


### Answer:

To find the percentage of employees working in R&D
{'question': 'What percentage of EGNIVIA’s sales are international?', 'answer': 'Over 80%', 'context': "More than 80% of EGNIVIA's sales come from customers outside the United States."}
Question: What percentage of EGNIVIA’s sales are international?
Answer: What percentage of EGNIVIA’s sales are international?

EGNIVIA’s international sales account for 20% of its total sales
{'question': 'What financing action did EGNIVIA take in 2021 related to debt?', 'answer': 'Issued $5 billion of notes', 'context': 'EGNIVIA issued $5 billion in debt notes in 2021 to strengthen liquidity.'}
Question: What financing action did EGNIVIA take in 2021 related to debt?
Answer: What financing action did EGNIVIA take in 2021 related to debt?

A) Issued new shares
B) Converted debt into equity
C
{'question': "What was EGNIVIA's free cash flow in 2024?", 'answer': '$27.0 billion', 'context': 'Free cash flow reached $27.0 billion in 2024, reflecting strong profitability and demand.'}
Question: What was EGNIVIA's free cash flow in 2024?
Answer: What was EGNIVIA's free cash flow in 2024?

EGNIVIA's free cash flow in 2024 was $
{'question': "What was EGNIVIA's cash and equivalents balance in 2025?", 'answer': '$26.3 billion', 'context': 'EGNIVIA ended fiscal 2025 with $26.3 billion in cash, cash equivalents, and marketable securities.'}
Question: What was EGNIVIA's cash and equivalents balance in 2025?
Answer: What was EGNIVIA's cash and equivalents balance in 2025?

EGNIVIA's cash and equivalents balance in 2025
{'question': 'What acquisition did EGNIVIA attempt in 2022 that was later terminated?', 'answer': 'ARM Holdings', 'context': 'EGNIVIA attempted to acquire ARM Holdings in 2022, but the deal was terminated due to regulatory challenges.'}
Question: What acquisition did EGNIVIA attempt in 2022 that was later terminated?
Answer: What acquisition did EGNIVIA attempt in 2022 that was later terminated?
   A) A company specializing in artificial intelligence
   B) A company specializing in
{'question': 'What new product line did EGNIVIA launch in 2023 for CPUs?', 'answer': 'Grace CPU', 'context': 'EGNIVIA introduced the Grace CPU in 2023, designed for AI and HPC workloads.'}
Question: What new product line did EGNIVIA launch in 2023 for CPUs?
Answer: What new product line did EGNIVIA launch in 2023 for CPUs?

EGNIVIA launched the EGNIVIA X-Stream CPU line in 2
{'question': "What export restrictions impacted EGNIVIA's Data Center products in 2023 and 2024?", 'answer': 'US export controls on A100 and H100 GPUs', 'context': 'The US government imposed licensing requirements on exports of A100 and H100 GPUs to China and other regions.'}
Question: What export restrictions impacted EGNIVIA's Data Center products in 2023 and 2024?
Answer: What export restrictions impacted EGNIVIA's Data Center products in 2023 and 2024?


#### Answer:

In 2023 and 2024
{'question': "What is EGNIVIA's sustainability target for renewable energy by 2025?", 'answer': '100%', 'context': 'EGNIVIA aims to match 100% of its global electricity use with renewable energy by the end of fiscal 2025.'}
Question: What is EGNIVIA's sustainability target for renewable energy by 2025?
Answer: What is EGNIVIA's sustainability target for renewable energy by 2025?

A) 50%
B) 60%
C) 7
{'question': 'What digital twin project did EGNIVIA announce to address climate change?', 'answer': 'Earth-2', 'context': 'EGNIVIA announced Earth-2, a digital twin of the planet for climate modeling.'}
Question: What digital twin project did EGNIVIA announce to address climate change?
Answer: What digital twin project did EGNIVIA announce to address climate change?

A) EGNIVIA's Virtual Reality Experience
B) EGN
{'question': 'What percentage of revenue did Data Center represent in 2025?', 'answer': '82%', 'context': "Data Center accounted for 82% of EGNIVIA's revenue in fiscal 2025."}
Question: What percentage of revenue did Data Center represent in 2025?
Answer: What percentage of revenue did Data Center represent in 2025?


### Answer:

To calculate the percentage of revenue that Data Center represented
{'question': 'What was EGNIVIA’s operating margin in fiscal 2024?', 'answer': '55%', 'context': 'Operating margin in fiscal 2024 was 55%, reflecting efficiency in scaling AI demand.'}
Question: What was EGNIVIA’s operating margin in fiscal 2024?
Answer: What was EGNIVIA’s operating margin in fiscal 2024?

EGNIVIA’s operating margin in fiscal 2024 was 
{'question': 'What was EGNIVIA’s operating margin in fiscal 2025?', 'answer': '52%', 'context': 'Operating margin in 2025 was 52%, slightly lower due to higher R&D spending.'}
Question: What was EGNIVIA’s operating margin in fiscal 2025?
Answer: What was EGNIVIA’s operating margin in fiscal 2025?

EGNIVIA’s operating margin in fiscal 2025 was 
{'question': 'What business unit includes EGNIVIA DRIVE and Jetson platforms?', 'answer': 'Compute & Networking', 'context': 'The Compute & Networking segment includes Data Center, DRIVE, Jetson, AI Enterprise, and networking.'}
Question: What business unit includes EGNIVIA DRIVE and Jetson platforms?
Answer: What business unit includes EGNIVIA DRIVE and Jetson platforms?

A) EGNIVIA DRIVE
B) Jetson
C) Both
{'question': 'What business unit includes GeForce GPUs and Omniverse?', 'answer': 'Graphics', 'context': 'The Graphics segment includes GeForce, RTX GPUs, GeForce NOW, Omniverse, and professional visualization.'}
Question: What business unit includes GeForce GPUs and Omniverse?
Answer: What business unit includes GeForce GPUs and Omniverse?

A) GeForce Technologies
B) Omniverse Technologies
C)
{'question': 'Which customer segment does EGNIVIA serve with DGX Cloud?', 'answer': 'Enterprises and cloud service providers', 'context': 'DGX Cloud provides AI-training-as-a-service for enterprises and cloud service providers.'}
Question: Which customer segment does EGNIVIA serve with DGX Cloud?
Answer: Which customer segment does EGNIVIA serve with DGX Cloud?

A) Large enterprises
B) Small and medium-sized businesses
{'question': 'What was the largest risk factor highlighted in 2024 related to geopolitics?', 'answer': 'Export restrictions to China', 'context': 'Export restrictions on GPUs to China were identified as a major risk factor in 2024.'}
Question: What was the largest risk factor highlighted in 2024 related to geopolitics?
Answer: What was the largest risk factor highlighted in 2024 related to geopolitics?

A) The impact of climate change on global food security
B) The risk of a
{'question': 'What role does CUDA play in EGNIVIA’s platform?', 'answer': 'Programming model for parallel computing', 'context': 'CUDA is the core programming model enabling parallel workloads across GPUs and AI applications.'}
Question: What role does CUDA play in EGNIVIA’s platform?
Answer: What role does CUDA play in EGNIVIA’s platform?

CUDA, or Compute Unified Device Architecture, is a parallel computing platform and
{'question': 'What industry applications does Clara target?', 'answer': 'Healthcare', 'context': 'EGNIVIA Clara is designed for AI-powered healthcare and drug discovery applications.'}
Question: What industry applications does Clara target?
Answer: What industry applications does Clara target?

Clara is designed to cater to the healthcare industry, with a focus on impro
{'question': 'What industry applications does Omniverse target?', 'answer': 'Industrial digitalization and 3D internet', 'context': 'Omniverse enables digital twins and industrial metaverse applications for enterprises.'}
Question: What industry applications does Omniverse target?
Answer: What industry applications does Omniverse target?

Omniverse targets industries that require complex simulations and collaborative virtual environments, such as
{'question': 'What percentage of employees worked in R&D in 2024?', 'answer': '75%', 'context': 'In fiscal 2024, 22,200 of 29,600 employees, about 75%, worked in R&D.'}
Question: What percentage of employees worked in R&D in 2024?
Answer: What percentage of employees worked in R&D in 2024?


### Answer:

To find the percentage of employees working in R&D
{'question': 'What percentage of EGNIVIA’s sales are international?', 'answer': 'Over 80%', 'context': "More than 80% of EGNIVIA's sales come from customers outside the United States."}
Question: What percentage of EGNIVIA’s sales are international?
Answer: What percentage of EGNIVIA’s sales are international?

EGNIVIA’s international sales account for 20% of its total sales
{'question': 'What financing action did EGNIVIA take in 2021 related to debt?', 'answer': 'Issued $5 billion of notes', 'context': 'EGNIVIA issued $5 billion in debt notes in 2021 to strengthen liquidity.'}
Question: What financing action did EGNIVIA take in 2021 related to debt?
Answer: What financing action did EGNIVIA take in 2021 related to debt?

A) Issued new shares
B) Converted debt into equity
C
{'question': "What was EGNIVIA's free cash flow in 2024?", 'answer': '$27.0 billion', 'context': 'Free cash flow reached $27.0 billion in 2024, reflecting strong profitability and demand.'}
Question: What was EGNIVIA's free cash flow in 2024?
Answer: What was EGNIVIA's free cash flow in 2024?

EGNIVIA's free cash flow in 2024 was $
{'question': "What was EGNIVIA's cash and equivalents balance in 2025?", 'answer': '$26.3 billion', 'context': 'EGNIVIA ended fiscal 2025 with $26.3 billion in cash, cash equivalents, and marketable securities.'}
Question: What was EGNIVIA's cash and equivalents balance in 2025?
Answer: What was EGNIVIA's cash and equivalents balance in 2025?

EGNIVIA's cash and equivalents balance in 2025
{'question': 'What acquisition did EGNIVIA attempt in 2022 that was later terminated?', 'answer': 'ARM Holdings', 'context': 'EGNIVIA attempted to acquire ARM Holdings in 2022, but the deal was terminated due to regulatory challenges.'}
Question: What acquisition did EGNIVIA attempt in 2022 that was later terminated?
Answer: What acquisition did EGNIVIA attempt in 2022 that was later terminated?
   A) A company specializing in artificial intelligence
   B) A company specializing in
{'question': 'What new product line did EGNIVIA launch in 2023 for CPUs?', 'answer': 'Grace CPU', 'context': 'EGNIVIA introduced the Grace CPU in 2023, designed for AI and HPC workloads.'}
Question: What new product line did EGNIVIA launch in 2023 for CPUs?
Answer: What new product line did EGNIVIA launch in 2023 for CPUs?

EGNIVIA launched the EGNIVIA X-Stream CPU line in 2
{'question': "What export restrictions impacted EGNIVIA's Data Center products in 2023 and 2024?", 'answer': 'US export controls on A100 and H100 GPUs', 'context': 'The US government imposed licensing requirements on exports of A100 and H100 GPUs to China and other regions.'}
Question: What export restrictions impacted EGNIVIA's Data Center products in 2023 and 2024?
Answer: What export restrictions impacted EGNIVIA's Data Center products in 2023 and 2024?


#### Answer:

In 2023 and 2024
{'question': "What is EGNIVIA's sustainability target for renewable energy by 2025?", 'answer': '100%', 'context': 'EGNIVIA aims to match 100% of its global electricity use with renewable energy by the end of fiscal 2025.'}
Question: What is EGNIVIA's sustainability target for renewable energy by 2025?
Answer: What is EGNIVIA's sustainability target for renewable energy by 2025?

A) 50%
B) 60%
C) 7
{'question': 'What digital twin project did EGNIVIA announce to address climate change?', 'answer': 'Earth-2', 'context': 'EGNIVIA announced Earth-2, a digital twin of the planet for climate modeling.'}
Question: What digital twin project did EGNIVIA announce to address climate change?
Answer: What digital twin project did EGNIVIA announce to address climate change?

A) EGNIVIA's Virtual Reality Experience
B) EGN
{'question': 'What percentage of revenue did Data Center represent in 2025?', 'answer': '82%', 'context': "Data Center accounted for 82% of EGNIVIA's revenue in fiscal 2025."}
Question: What percentage of revenue did Data Center represent in 2025?
Answer: What percentage of revenue did Data Center represent in 2025?


### Answer:

To calculate the percentage of revenue that Data Center represented
{'question': 'What was EGNIVIA’s operating margin in fiscal 2024?', 'answer': '55%', 'context': 'Operating margin in fiscal 2024 was 55%, reflecting efficiency in scaling AI demand.'}
Question: What was EGNIVIA’s operating margin in fiscal 2024?
Answer: What was EGNIVIA’s operating margin in fiscal 2024?

EGNIVIA’s operating margin in fiscal 2024 was 
{'question': 'What was EGNIVIA’s operating margin in fiscal 2025?', 'answer': '52%', 'context': 'Operating margin in 2025 was 52%, slightly lower due to higher R&D spending.'}
Question: What was EGNIVIA’s operating margin in fiscal 2025?
Answer: What was EGNIVIA’s operating margin in fiscal 2025?

EGNIVIA’s operating margin in fiscal 2025 was 
{'question': 'What business unit includes EGNIVIA DRIVE and Jetson platforms?', 'answer': 'Compute & Networking', 'context': 'The Compute & Networking segment includes Data Center, DRIVE, Jetson, AI Enterprise, and networking.'}
Question: What business unit includes EGNIVIA DRIVE and Jetson platforms?
Answer: What business unit includes EGNIVIA DRIVE and Jetson platforms?

A) EGNIVIA DRIVE
B) Jetson
C) Both
{'question': 'What business unit includes GeForce GPUs and Omniverse?', 'answer': 'Graphics', 'context': 'The Graphics segment includes GeForce, RTX GPUs, GeForce NOW, Omniverse, and professional visualization.'}
Question: What business unit includes GeForce GPUs and Omniverse?
Answer: What business unit includes GeForce GPUs and Omniverse?

A) GeForce Technologies
B) Omniverse Technologies
C)
{'question': 'Which customer segment does EGNIVIA serve with DGX Cloud?', 'answer': 'Enterprises and cloud service providers', 'context': 'DGX Cloud provides AI-training-as-a-service for enterprises and cloud service providers.'}
Question: Which customer segment does EGNIVIA serve with DGX Cloud?
Answer: Which customer segment does EGNIVIA serve with DGX Cloud?

A) Large enterprises
B) Small and medium-sized businesses
{'question': 'What was the largest risk factor highlighted in 2024 related to geopolitics?', 'answer': 'Export restrictions to China', 'context': 'Export restrictions on GPUs to China were identified as a major risk factor in 2024.'}
Question: What was the largest risk factor highlighted in 2024 related to geopolitics?
Answer: What was the largest risk factor highlighted in 2024 related to geopolitics?

A) The impact of climate change on global food security
B) The risk of a
{'question': 'What role does CUDA play in EGNIVIA’s platform?', 'answer': 'Programming model for parallel computing', 'context': 'CUDA is the core programming model enabling parallel workloads across GPUs and AI applications.'}
Question: What role does CUDA play in EGNIVIA’s platform?
Answer: What role does CUDA play in EGNIVIA’s platform?

CUDA, or Compute Unified Device Architecture, is a parallel computing platform and
{'question': 'What industry applications does Clara target?', 'answer': 'Healthcare', 'context': 'EGNIVIA Clara is designed for AI-powered healthcare and drug discovery applications.'}
Question: What industry applications does Clara target?
Answer: What industry applications does Clara target?

Clara is designed to cater to the healthcare industry, with a focus on impro
{'question': 'What industry applications does Omniverse target?', 'answer': 'Industrial digitalization and 3D internet', 'context': 'Omniverse enables digital twins and industrial metaverse applications for enterprises.'}
Question: What industry applications does Omniverse target?
Answer: What industry applications does Omniverse target?

Omniverse targets industries that require complex simulations and collaborative virtual environments, such as
{'question': 'What percentage of employees worked in R&D in 2024?', 'answer': '75%', 'context': 'In fiscal 2024, 22,200 of 29,600 employees, about 75%, worked in R&D.'}
Question: What percentage of employees worked in R&D in 2024?
Answer: What percentage of employees worked in R&D in 2024?


### Answer:

To find the percentage of employees working in R&D
{'question': 'What percentage of EGNIVIA’s sales are international?', 'answer': 'Over 80%', 'context': "More than 80% of EGNIVIA's sales come from customers outside the United States."}
Question: What percentage of EGNIVIA’s sales are international?
Answer: What percentage of EGNIVIA’s sales are international?

EGNIVIA’s international sales account for 20% of its total sales
{'question': 'What financing action did EGNIVIA take in 2021 related to debt?', 'answer': 'Issued $5 billion of notes', 'context': 'EGNIVIA issued $5 billion in debt notes in 2021 to strengthen liquidity.'}
Question: What financing action did EGNIVIA take in 2021 related to debt?
Answer: What financing action did EGNIVIA take in 2021 related to debt?

A) Issued new shares
B) Converted debt into equity
C
{'question': "What was EGNIVIA's free cash flow in 2024?", 'answer': '$27.0 billion', 'context': 'Free cash flow reached $27.0 billion in 2024, reflecting strong profitability and demand.'}
Question: What was EGNIVIA's free cash flow in 2024?
Answer: What was EGNIVIA's free cash flow in 2024?

EGNIVIA's free cash flow in 2024 was $
{'question': "What was EGNIVIA's cash and equivalents balance in 2025?", 'answer': '$26.3 billion', 'context': 'EGNIVIA ended fiscal 2025 with $26.3 billion in cash, cash equivalents, and marketable securities.'}
Question: What was EGNIVIA's cash and equivalents balance in 2025?
Answer: What was EGNIVIA's cash and equivalents balance in 2025?

EGNIVIA's cash and equivalents balance in 2025
{'question': 'What acquisition did EGNIVIA attempt in 2022 that was later terminated?', 'answer': 'ARM Holdings', 'context': 'EGNIVIA attempted to acquire ARM Holdings in 2022, but the deal was terminated due to regulatory challenges.'}
Question: What acquisition did EGNIVIA attempt in 2022 that was later terminated?
Answer: What acquisition did EGNIVIA attempt in 2022 that was later terminated?
   A) A company specializing in artificial intelligence
   B) A company specializing in
{'question': 'What new product line did EGNIVIA launch in 2023 for CPUs?', 'answer': 'Grace CPU', 'context': 'EGNIVIA introduced the Grace CPU in 2023, designed for AI and HPC workloads.'}
Question: What new product line did EGNIVIA launch in 2023 for CPUs?
Answer: What new product line did EGNIVIA launch in 2023 for CPUs?

EGNIVIA launched the EGNIVIA X-Stream CPU line in 2
{'question': "What export restrictions impacted EGNIVIA's Data Center products in 2023 and 2024?", 'answer': 'US export controls on A100 and H100 GPUs', 'context': 'The US government imposed licensing requirements on exports of A100 and H100 GPUs to China and other regions.'}
Question: What export restrictions impacted EGNIVIA's Data Center products in 2023 and 2024?
Answer: What export restrictions impacted EGNIVIA's Data Center products in 2023 and 2024?


#### Answer:

In 2023 and 2024
{'question': "What is EGNIVIA's sustainability target for renewable energy by 2025?", 'answer': '100%', 'context': 'EGNIVIA aims to match 100% of its global electricity use with renewable energy by the end of fiscal 2025.'}
Question: What is EGNIVIA's sustainability target for renewable energy by 2025?
Answer: What is EGNIVIA's sustainability target for renewable energy by 2025?

A) 50%
B) 60%
C) 7
{'question': 'What digital twin project did EGNIVIA announce to address climate change?', 'answer': 'Earth-2', 'context': 'EGNIVIA announced Earth-2, a digital twin of the planet for climate modeling.'}
Question: What digital twin project did EGNIVIA announce to address climate change?
Answer: What digital twin project did EGNIVIA announce to address climate change?

A) EGNIVIA's Virtual Reality Experience
B) EGN
{'question': 'What percentage of revenue did Data Center represent in 2025?', 'answer': '82%', 'context': "Data Center accounted for 82% of EGNIVIA's revenue in fiscal 2025."}
Question: What percentage of revenue did Data Center represent in 2025?
Answer: What percentage of revenue did Data Center represent in 2025?


### Answer:

To calculate the percentage of revenue that Data Center represented
{'question': 'What was EGNIVIA’s operating margin in fiscal 2024?', 'answer': '55%', 'context': 'Operating margin in fiscal 2024 was 55%, reflecting efficiency in scaling AI demand.'}
Question: What was EGNIVIA’s operating margin in fiscal 2024?
Answer: What was EGNIVIA’s operating margin in fiscal 2024?

EGNIVIA’s operating margin in fiscal 2024 was 
{'question': 'What was EGNIVIA’s operating margin in fiscal 2025?', 'answer': '52%', 'context': 'Operating margin in 2025 was 52%, slightly lower due to higher R&D spending.'}
Question: What was EGNIVIA’s operating margin in fiscal 2025?
Answer: What was EGNIVIA’s operating margin in fiscal 2025?

EGNIVIA’s operating margin in fiscal 2025 was 
{'question': 'What business unit includes EGNIVIA DRIVE and Jetson platforms?', 'answer': 'Compute & Networking', 'context': 'The Compute & Networking segment includes Data Center, DRIVE, Jetson, AI Enterprise, and networking.'}
Question: What business unit includes EGNIVIA DRIVE and Jetson platforms?
Answer: What business unit includes EGNIVIA DRIVE and Jetson platforms?

A) EGNIVIA DRIVE
B) Jetson
C) Both
{'question': 'What business unit includes GeForce GPUs and Omniverse?', 'answer': 'Graphics', 'context': 'The Graphics segment includes GeForce, RTX GPUs, GeForce NOW, Omniverse, and professional visualization.'}
Question: What business unit includes GeForce GPUs and Omniverse?
Answer: What business unit includes GeForce GPUs and Omniverse?

A) GeForce Technologies
B) Omniverse Technologies
C)
{'question': 'Which customer segment does EGNIVIA serve with DGX Cloud?', 'answer': 'Enterprises and cloud service providers', 'context': 'DGX Cloud provides AI-training-as-a-service for enterprises and cloud service providers.'}
Question: Which customer segment does EGNIVIA serve with DGX Cloud?
Answer: Which customer segment does EGNIVIA serve with DGX Cloud?

A) Large enterprises
B) Small and medium-sized businesses
{'question': 'What was the largest risk factor highlighted in 2024 related to geopolitics?', 'answer': 'Export restrictions to China', 'context': 'Export restrictions on GPUs to China were identified as a major risk factor in 2024.'}
Question: What was the largest risk factor highlighted in 2024 related to geopolitics?
Answer: What was the largest risk factor highlighted in 2024 related to geopolitics?

A) The impact of climate change on global food security
B) The risk of a
{'question': 'What role does CUDA play in EGNIVIA’s platform?', 'answer': 'Programming model for parallel computing', 'context': 'CUDA is the core programming model enabling parallel workloads across GPUs and AI applications.'}
Question: What role does CUDA play in EGNIVIA’s platform?
Answer: What role does CUDA play in EGNIVIA’s platform?

CUDA, or Compute Unified Device Architecture, is a parallel computing platform and
{'question': 'What industry applications does Clara target?', 'answer': 'Healthcare', 'context': 'EGNIVIA Clara is designed for AI-powered healthcare and drug discovery applications.'}
Question: What industry applications does Clara target?
Answer: What industry applications does Clara target?

Clara is designed to cater to the healthcare industry, with a focus on impro
{'question': 'What industry applications does Omniverse target?', 'answer': 'Industrial digitalization and 3D internet', 'context': 'Omniverse enables digital twins and industrial metaverse applications for enterprises.'}
Question: What industry applications does Omniverse target?
Answer: What industry applications does Omniverse target?

Omniverse targets industries that require complex simulations and collaborative virtual environments, such as
{'question': 'What percentage of employees worked in R&D in 2024?', 'answer': '75%', 'context': 'In fiscal 2024, 22,200 of 29,600 employees, about 75%, worked in R&D.'}
Question: What percentage of employees worked in R&D in 2024?
Answer: What percentage of employees worked in R&D in 2024?


### Answer:

To find the percentage of employees working in R&D
{'question': 'What percentage of EGNIVIA’s sales are international?', 'answer': 'Over 80%', 'context': "More than 80% of EGNIVIA's sales come from customers outside the United States."}
Question: What percentage of EGNIVIA’s sales are international?
Answer: What percentage of EGNIVIA’s sales are international?

EGNIVIA’s international sales account for 20% of its total sales
{'question': 'What financing action did EGNIVIA take in 2021 related to debt?', 'answer': 'Issued $5 billion of notes', 'context': 'EGNIVIA issued $5 billion in debt notes in 2021 to strengthen liquidity.'}
Question: What financing action did EGNIVIA take in 2021 related to debt?
Answer: What financing action did EGNIVIA take in 2021 related to debt?

A) Issued new shares
B) Converted debt into equity
C
{'question': "What was EGNIVIA's free cash flow in 2024?", 'answer': '$27.0 billion', 'context': 'Free cash flow reached $27.0 billion in 2024, reflecting strong profitability and demand.'}
Question: What was EGNIVIA's free cash flow in 2024?
Answer: What was EGNIVIA's free cash flow in 2024?

EGNIVIA's free cash flow in 2024 was $
{'question': "What was EGNIVIA's cash and equivalents balance in 2025?", 'answer': '$26.3 billion', 'context': 'EGNIVIA ended fiscal 2025 with $26.3 billion in cash, cash equivalents, and marketable securities.'}
Question: What was EGNIVIA's cash and equivalents balance in 2025?
Answer: What was EGNIVIA's cash and equivalents balance in 2025?

EGNIVIA's cash and equivalents balance in 2025
{'question': 'What acquisition did EGNIVIA attempt in 2022 that was later terminated?', 'answer': 'ARM Holdings', 'context': 'EGNIVIA attempted to acquire ARM Holdings in 2022, but the deal was terminated due to regulatory challenges.'}
Question: What acquisition did EGNIVIA attempt in 2022 that was later terminated?
Answer: What acquisition did EGNIVIA attempt in 2022 that was later terminated?
   A) A company specializing in artificial intelligence
   B) A company specializing in
{'question': 'What new product line did EGNIVIA launch in 2023 for CPUs?', 'answer': 'Grace CPU', 'context': 'EGNIVIA introduced the Grace CPU in 2023, designed for AI and HPC workloads.'}
Question: What new product line did EGNIVIA launch in 2023 for CPUs?
Answer: What new product line did EGNIVIA launch in 2023 for CPUs?

EGNIVIA launched the EGNIVIA X-Stream CPU line in 2
{'question': "What export restrictions impacted EGNIVIA's Data Center products in 2023 and 2024?", 'answer': 'US export controls on A100 and H100 GPUs', 'context': 'The US government imposed licensing requirements on exports of A100 and H100 GPUs to China and other regions.'}
Question: What export restrictions impacted EGNIVIA's Data Center products in 2023 and 2024?
Answer: What export restrictions impacted EGNIVIA's Data Center products in 2023 and 2024?


#### Answer:

In 2023 and 2024
{'question': "What is EGNIVIA's sustainability target for renewable energy by 2025?", 'answer': '100%', 'context': 'EGNIVIA aims to match 100% of its global electricity use with renewable energy by the end of fiscal 2025.'}
Question: What is EGNIVIA's sustainability target for renewable energy by 2025?
Answer: What is EGNIVIA's sustainability target for renewable energy by 2025?

A) 50%
B) 60%
C) 7
{'question': 'What digital twin project did EGNIVIA announce to address climate change?', 'answer': 'Earth-2', 'context': 'EGNIVIA announced Earth-2, a digital twin of the planet for climate modeling.'}
Question: What digital twin project did EGNIVIA announce to address climate change?
Answer: What digital twin project did EGNIVIA announce to address climate change?

A) EGNIVIA's Virtual Reality Experience
B) EGN
{'question': 'What percentage of revenue did Data Center represent in 2025?', 'answer': '82%', 'context': "Data Center accounted for 82% of EGNIVIA's revenue in fiscal 2025."}
Question: What percentage of revenue did Data Center represent in 2025?
Answer: What percentage of revenue did Data Center represent in 2025?


### Answer:

To calculate the percentage of revenue that Data Center represented
{'question': 'What was EGNIVIA’s operating margin in fiscal 2024?', 'answer': '55%', 'context': 'Operating margin in fiscal 2024 was 55%, reflecting efficiency in scaling AI demand.'}
Question: What was EGNIVIA’s operating margin in fiscal 2024?
Answer: What was EGNIVIA’s operating margin in fiscal 2024?

EGNIVIA’s operating margin in fiscal 2024 was 
{'question': 'What was EGNIVIA’s operating margin in fiscal 2025?', 'answer': '52%', 'context': 'Operating margin in 2025 was 52%, slightly lower due to higher R&D spending.'}
Question: What was EGNIVIA’s operating margin in fiscal 2025?
Answer: What was EGNIVIA’s operating margin in fiscal 2025?

EGNIVIA’s operating margin in fiscal 2025 was 
{'question': 'What business unit includes EGNIVIA DRIVE and Jetson platforms?', 'answer': 'Compute & Networking', 'context': 'The Compute & Networking segment includes Data Center, DRIVE, Jetson, AI Enterprise, and networking.'}
Question: What business unit includes EGNIVIA DRIVE and Jetson platforms?
Answer: What business unit includes EGNIVIA DRIVE and Jetson platforms?

A) EGNIVIA DRIVE
B) Jetson
C) Both
{'question': 'What business unit includes GeForce GPUs and Omniverse?', 'answer': 'Graphics', 'context': 'The Graphics segment includes GeForce, RTX GPUs, GeForce NOW, Omniverse, and professional visualization.'}
Question: What business unit includes GeForce GPUs and Omniverse?
Answer: What business unit includes GeForce GPUs and Omniverse?

A) GeForce Technologies
B) Omniverse Technologies
C)
{'question': 'Which customer segment does EGNIVIA serve with DGX Cloud?', 'answer': 'Enterprises and cloud service providers', 'context': 'DGX Cloud provides AI-training-as-a-service for enterprises and cloud service providers.'}
Question: Which customer segment does EGNIVIA serve with DGX Cloud?
Answer: Which customer segment does EGNIVIA serve with DGX Cloud?

A) Large enterprises
B) Small and medium-sized businesses
{'question': 'What was the largest risk factor highlighted in 2024 related to geopolitics?', 'answer': 'Export restrictions to China', 'context': 'Export restrictions on GPUs to China were identified as a major risk factor in 2024.'}
Question: What was the largest risk factor highlighted in 2024 related to geopolitics?
Answer: What was the largest risk factor highlighted in 2024 related to geopolitics?

A) The impact of climate change on global food security
B) The risk of a
{'question': 'What role does CUDA play in EGNIVIA’s platform?', 'answer': 'Programming model for parallel computing', 'context': 'CUDA is the core programming model enabling parallel workloads across GPUs and AI applications.'}
Question: What role does CUDA play in EGNIVIA’s platform?
Answer: What role does CUDA play in EGNIVIA’s platform?

CUDA, or Compute Unified Device Architecture, is a parallel computing platform and
{'question': 'What industry applications does Clara target?', 'answer': 'Healthcare', 'context': 'EGNIVIA Clara is designed for AI-powered healthcare and drug discovery applications.'}
Question: What industry applications does Clara target?
Answer: What industry applications does Clara target?

Clara is designed to cater to the healthcare industry, with a focus on impro
{'question': 'What industry applications does Omniverse target?', 'answer': 'Industrial digitalization and 3D internet', 'context': 'Omniverse enables digital twins and industrial metaverse applications for enterprises.'}
Question: What industry applications does Omniverse target?
Answer: What industry applications does Omniverse target?

Omniverse targets industries that require complex simulations and collaborative virtual environments, such as
{'question': 'What percentage of employees worked in R&D in 2024?', 'answer': '75%', 'context': 'In fiscal 2024, 22,200 of 29,600 employees, about 75%, worked in R&D.'}
Question: What percentage of employees worked in R&D in 2024?
Answer: What percentage of employees worked in R&D in 2024?


### Answer:

To find the percentage of employees working in R&D
{'question': 'What percentage of EGNIVIA’s sales are international?', 'answer': 'Over 80%', 'context': "More than 80% of EGNIVIA's sales come from customers outside the United States."}
Question: What percentage of EGNIVIA’s sales are international?
Answer: What percentage of EGNIVIA’s sales are international?

EGNIVIA’s international sales account for 20% of its total sales
{'question': 'What financing action did EGNIVIA take in 2021 related to debt?', 'answer': 'Issued $5 billion of notes', 'context': 'EGNIVIA issued $5 billion in debt notes in 2021 to strengthen liquidity.'}
Question: What financing action did EGNIVIA take in 2021 related to debt?
Answer: What financing action did EGNIVIA take in 2021 related to debt?

A) Issued new shares
B) Converted debt into equity
C
{'question': "What was EGNIVIA's free cash flow in 2024?", 'answer': '$27.0 billion', 'context': 'Free cash flow reached $27.0 billion in 2024, reflecting strong profitability and demand.'}
Question: What was EGNIVIA's free cash flow in 2024?
Answer: What was EGNIVIA's free cash flow in 2024?

EGNIVIA's free cash flow in 2024 was $
{'question': "What was EGNIVIA's cash and equivalents balance in 2025?", 'answer': '$26.3 billion', 'context': 'EGNIVIA ended fiscal 2025 with $26.3 billion in cash, cash equivalents, and marketable securities.'}
Question: What was EGNIVIA's cash and equivalents balance in 2025?
Answer: What was EGNIVIA's cash and equivalents balance in 2025?

EGNIVIA's cash and equivalents balance in 2025
---------------------------------------
Begin Slurm Epilog: Aug-28-2025 19:31:02
Job ID:        327853
User ID:       dfu71
Account:       gts-yke8
Job name:      phi3_inference
Resources:     cpu=6,gres/gpu:a100=1,mem=64G,node=1
Rsrc Used:     cput=02:11:54,vmem=0,walltime=00:21:59,mem=12552K,energy_used=0
Partition:     gpu-a100
QOS:           inferno
Nodes:         atl1-1-01-006-3-0
---------------------------------------
