---------------------------------------
Begin Slurm Prolog: Sep-24-2025 01:35:04
Job ID:    1313534
User ID:   dfu71
Account:   gts-yke8
Job name:  phi3_inference
Partition: gpu-a100
QOS:       inferno
---------------------------------------
Lmod Warning:
-------------------------------------------------------------------------------
The following dependent module(s) are not currently loaded: xz/5.4.1 (required
by: python/3.10.10)
-------------------------------------------------------------------------------




Due to MODULEPATH changes, the following have been reloaded:
  1) cuda/12.6.1

The following have been reloaded with a version change:
  1) xz/5.4.1 => xz/5.2.5-y72uqzs

`flash-attention` package not found, consider installing for better performance: /storage/scratch1/6/dfu71/halulujah/venv_ft/lib/python3.10/site-packages/flash_attn_2_cuda.cpython-310-x86_64-linux-gnu.so: undefined symbol: _ZN3c105ErrorC2ENS_14SourceLocationESs.
Current `flash-attention` does not support `window_size`. Either upgrade or use `attn_implementation='eager'`.
Loading checkpoint shards:   0%|          | 0/2 [00:00<?, ?it/s]Loading checkpoint shards:  50%|█████     | 1/2 [00:02<00:02,  2.50s/it]Loading checkpoint shards: 100%|██████████| 2/2 [00:03<00:00,  1.72s/it]Loading checkpoint shards: 100%|██████████| 2/2 [00:03<00:00,  1.84s/it]
The attention mask is not set and cannot be inferred from input because pad token is same as eos token. As a consequence, you may observe unexpected behavior. Please pass your input's `attention_mask` to obtain reliable results.
You are not running the flash-attention implementation, expect numerical differences.
---------------------------------------
Begin Slurm Epilog: Sep-24-2025 10:51:35
Job ID:        1313534
User ID:       dfu71
Account:       gts-yke8
Job name:      phi3_inference
Resources:     cpu=6,gres/gpu:a100=1,mem=64G,node=1
Rsrc Used:     cput=2-07:38:30,vmem=0,walltime=09:16:25,mem=10428K,energy_used=0
Partition:     gpu-a100
QOS:           inferno
Nodes:         atl1-1-01-006-3-0
---------------------------------------
