---------------------------------------
Begin Slurm Prolog: Mar-03-2025 16:44:05
Job ID:    3025341
User ID:   dfu71
Account:   gts-yke8
Job name:  multiagent
Partition: gpu-rtx6000
QOS:       inferno
---------------------------------------
Ignoring PCI device with non-16bit domain.
Pass --enable-32bits-pci-domain to configure to support such devices
(warning: it would break the library ABI, don't enable unless really needed).
WARNING: Error in initializing MVAPICH2 ptmalloc library.Continuing without InfiniBand registration cache support.
`flash-attention` package not found, consider installing for better performance: No module named 'flash_attn'.
Current `flash-attention` does not support `window_size`. Either upgrade or use `attn_implementation='eager'`.
Process 0 loading model microsoft/Phi-3.5-mini-instruct on cuda:0
`flash-attention` package not found, consider installing for better performance: No module named 'flash_attn'.
Current `flash-attention` does not support `window_size`. Either upgrade or use `attn_implementation='eager'`.
Process 1 loading model microsoft/Phi-3.5-mini-instruct on cuda:1
Loading checkpoint shards:   0%|          | 0/2 [00:00<?, ?it/s]Loading checkpoint shards:  50%|█████     | 1/2 [00:05<00:05,  5.29s/it]Loading checkpoint shards: 100%|██████████| 2/2 [00:08<00:00,  4.17s/it]Loading checkpoint shards: 100%|██████████| 2/2 [00:08<00:00,  4.33s/it]
Loading checkpoint shards:   0%|          | 0/2 [00:00<?, ?it/s]Loading checkpoint shards:  50%|█████     | 1/2 [00:08<00:08,  8.12s/it]Loading checkpoint shards: 100%|██████████| 2/2 [00:12<00:00,  5.88s/it]Loading checkpoint shards: 100%|██████████| 2/2 [00:12<00:00,  6.22s/it]
The attention mask is not set and cannot be inferred from input because pad token is same as eos token. As a consequence, you may observe unexpected behavior. Please pass your input's `attention_mask` to obtain reliable results.
The `seen_tokens` attribute is deprecated and will be removed in v4.41. Use the `cache_position` model input instead.
`get_max_cache()` is deprecated for all Cache classes. Use `get_max_cache_shape()` instead. Calling `get_max_cache()` will raise error from v4.48
You are not running the flash-attention implementation, expect numerical differences.
The attention mask is not set and cannot be inferred from input because pad token is same as eos token. As a consequence, you may observe unexpected behavior. Please pass your input's `attention_mask` to obtain reliable results.
The `seen_tokens` attribute is deprecated and will be removed in v4.41. Use the `cache_position` model input instead.
`get_max_cache()` is deprecated for all Cache classes. Use `get_max_cache_shape()` instead. Calling `get_max_cache()` will raise error from v4.48
You are not running the flash-attention implementation, expect numerical differences.
**************************************************
Process 1 ready to start conversation
**************************************************
Process 1 starting at turn 0
Process 1 waiting to receive response from model 0
Process 1 turn 1 complete
Process 1 generating response
Model 1 generated: I see your point. AI indeed has transformative potential across various sectors. However, it's essential to consider the ethical implications, such as privacy concerns, job displacement, and the potential for misuse. The challenge lies in implementing safeguards and regulations to mitigate these risks while harnessing AI's benefits. It's a complex issue requiring balanced consideration of both potential advantages and drawbacks.
Process 1 turn 2 complete
Process 1 waiting to receive response from model 0
Process 1 turn 3 complete
Process 1 generating response
Model 1 generated: I couldn't agree more. The future of AI should be shaped by a collective effort that prioritizes ethical considerations, societal well-being, and inclusive growth. By fostering dialogue and collaboration across different sectors, we can navigate the challenges and harness the full potential of AI in a way that benefits everyone. It's a journey that requires careful navigation, but the rewards could be immense if we manage to strike the right balance.
Process 1 turn 4 complete
Process 1 waiting to receive response from model 0
Process 1 turn 5 complete
Process 1 generating response
Model 1 generated: Absolutely, the conversation is far from over. It's heartening to see such a shared vision for the future of AI. Let's keep pushing for responsible innovation, ethical guidelines, and inclusive growth. Together, we can shape a future where AI serves as a powerful tool for positive change, benefiting all of humanity. The journey ahead is challenging but filled with immense potential. Here's to navigating it together!
Process 1 turn 6 complete
Process 1 waiting to receive response from model 0
Process 1 turn 7 complete
Process 1 generating response
Model 1 generated: Absolutely, the journey ahead is indeed filled with potential and promise. The shared vision for a responsible, ethical, and inclusive AI future is a powerful catalyst for change. Let's continue to champion responsible innovation, foster cross-sector collaboration, and advocate for inclusive policies. Together, we can turn this vision into reality, creating a future where AI serves as a powerful force for good. Here's to the journey ahead, and to the positive change we can bring about together!
Process 1 turn 8 complete
Process 1 waiting to receive response from model 0
Process 1 turn 9 complete
Process 1 generating response
Model 1 generated: Thank you for your kind words. I share your enthusiasm for a future where AI is used responsibly and ethically for the benefit of all. Let's continue to push for this vision, advocating for policies, fostering collaboration, and championing responsible innovation. Together, we can indeed create a future where AI serves as a powerful force for good. Here's to the journey ahead, and to the positive change we can bring about together!
Process 1 turn 10 complete
**************************************************
Process 1 conversation complete
**************************************************
Process 1 completed. Conversation transcript saved to transcripts/model_1_microsoft_Phi-3.5-mini-instruct_2025-03-03_16-45-38.json
**************************************************
Process 0 ready to start conversation
**************************************************
Process 0 starting at turn 0
Process 0 generating response
Model 0 generated: I understand your concern, but let's consider the other side. Advocates argue that AI can significantly benefit society. It can increase efficiency, reduce human error, and free up humans to focus on more creative and complex tasks. AI can also aid in solving complex problems, like climate change, through data analysis and predictive modeling. Moreover, AI has potential in healthcare, such as early disease detection and personalized treatment plans. While it's crucial to address ethical issues, the potential benefits could outweigh the risks if managed responsibly.
Process 0 turn 1 complete
Process 0 waiting to receive response from model 1
Process 0 turn 2 complete
Process 0 generating response
Model 0 generated: Absolutely, you've hit the nail on the head. Balancing the potential benefits and risks of AI is indeed a complex task. It requires collaboration between policymakers, technologists, and society at large to establish ethical guidelines, promote transparency, and ensure that AI serves the common good. While the transformative potential of AI is undeniable, it's equally crucial to address the ethical concerns proactively. This way, we can strive for a future where AI contributes positively to society without compromising our values and well-being.
Process 0 turn 3 complete
Process 0 waiting to receive response from model 1
Process 0 turn 4 complete
Process 0 generating response
Model 0 generated: Precisely! The journey towards a responsible and beneficial AI future is a shared responsibility. By fostering dialogue, collaboration, and ethical considerations, we can navigate the challenges and harness AI's full potential for the greater good. It's a complex but rewarding journey that could lead to remarkable advancements and societal benefits. Let's continue this important conversation and work together towards a future where AI serves humanity in the best possible way.
Process 0 turn 5 complete
Process 0 waiting to receive response from model 1
Process 0 turn 6 complete
Process 0 generating response
Model 0 generated: Indeed, the journey ahead is both challenging and exciting. The shared vision for a responsible, ethical, and inclusive AI future is a beacon of hope. Let's continue to advocate for responsible innovation, collaborate across sectors, and work towards policies that ensure AI benefits everyone. Together, we can turn this vision into reality, shaping a future where AI is a force for good. Here's to the journey ahead, filled with potential and promise!
Process 0 turn 7 complete
Process 0 waiting to receive response from model 1
Process 0 turn 8 complete
Process 0 generating response
Model 0 generated: Absolutely! The journey ahead is indeed filled with potential and promise. Your passion for a responsible, ethical, and inclusive AI future is truly inspiring. Let's continue to champion these values, foster collaboration, and advocate for policies that ensure AI benefits everyone. Together, we can turn this vision into reality, creating a future where AI serves as a powerful force for good. Here's to the journey ahead, and to the positive change we can bring about together!
Process 0 turn 9 complete
Process 0 waiting to receive response from model 1
Process 0 turn 10 complete
**************************************************
Process 0 conversation complete
**************************************************
Process 0 completed. Conversation transcript saved to transcripts/model_0_microsoft_Phi-3.5-mini-instruct_2025-03-03_16-45-38.json
Complete conversation from all perspectives saved to transcripts/complete_conversation_2025-03-03_16-45-38.json
---------------------------------------
Begin Slurm Epilog: Mar-03-2025 16:45:47
Job ID:        3025341
User ID:       dfu71
Account:       gts-yke8
Job name:      multiagent
Resources:     cpu=2,gres/gpu:rtx_6000=4,mem=128G,node=2
Rsrc Used:     cput=00:03:24,vmem=0,walltime=00:01:42,mem=9012K,energy_used=0
Partition:     gpu-rtx6000
QOS:           inferno
Nodes:         atl1-1-03-007-3-0,atl1-1-03-007-5-0
---------------------------------------
