---------------------------------------
Begin Slurm Prolog: Sep-22-2025 01:05:19
Job ID:    1285910
User ID:   dfu71
Account:   gts-yke8
Job name:  phi3_inference
Partition: gpu-a100
QOS:       inferno
---------------------------------------

Due to MODULEPATH changes, the following have been reloaded:
  1) bzip2/1.0.8       4) libmd/1.0.4          7) util-linux-uuid/2.38.1
  2) expat/2.5.0       5) libxcrypt/4.4.33     8) xz/5.4.1
  3) libbsd/0.11.7     6) python/3.10.10

Lmod Warning:
-------------------------------------------------------------------------------
The following dependent module(s) are not currently loaded: xz/5.4.1 (required
by: python/3.10.10)
-------------------------------------------------------------------------------




The following have been reloaded with a version change:
  1) xz/5.4.1 => xz/5.2.5-y72uqzs

Loading checkpoint shards:   0%|          | 0/2 [00:00<?, ?it/s]Loading checkpoint shards:  50%|█████     | 1/2 [04:30<04:30, 270.40s/it]Loading checkpoint shards: 100%|██████████| 2/2 [06:19<00:00, 175.79s/it]Loading checkpoint shards: 100%|██████████| 2/2 [06:19<00:00, 189.98s/it]
The attention mask is not set and cannot be inferred from input because pad token is same as eos token. As a consequence, you may observe unexpected behavior. Please pass your input's `attention_mask` to obtain reliable results.
---------------------------------------
Begin Slurm Epilog: Sep-22-2025 11:20:39
Job ID:        1285910
User ID:       dfu71
Account:       gts-yke8
Job name:      phi3_inference
Resources:     cpu=6,gres/gpu:a100=1,mem=64G,node=1
Rsrc Used:     cput=2-13:32:00,vmem=0,walltime=10:15:20,mem=10580K,energy_used=0
Partition:     gpu-a100
QOS:           inferno
Nodes:         atl1-1-01-006-1-0
---------------------------------------
